This is pdfTeX, Version 3.141592653-2.6-1.40.26 (TeX Live 2024) (preloaded format=pdflatex 2024.12.12)  7 JUL 2025 00:30
entering extended mode
 restricted \write18 enabled.
 file:line:error style messages enabled.
 %&-line parsing enabled.
**/Users/a46791130/Documents/SMU/SMU_MSDS/Kaggle/Python_internet_log2/report/Internet_Log2_Analysis_Report.tex
(/Users/a46791130/Documents/SMU/SMU_MSDS/Kaggle/Python_internet_log2/report/Internet_Log2_Analysis_Report.tex
LaTeX2e <2024-11-01> patch level 1
L3 programming layer <2024-11-02>
(/Users/a46791130/Library/TinyTeX/texmf-dist/tex/latex/base/article.cls
Document Class: article 2024/06/29 v1.4n Standard LaTeX document class
(/Users/a46791130/Library/TinyTeX/texmf-dist/tex/latex/base/size12.clo
File: size12.clo 2024/06/29 v1.4n Standard LaTeX file (size option)
)
\c@part=\count196
\c@section=\count197
\c@subsection=\count198
\c@subsubsection=\count199
\c@paragraph=\count266
\c@subparagraph=\count267
\c@figure=\count268
\c@table=\count269
\abovecaptionskip=\skip49
\belowcaptionskip=\skip50
\bibindent=\dimen141
) (/Users/a46791130/Library/TinyTeX/texmf-dist/tex/latex/base/inputenc.sty
Package: inputenc 2024/02/08 v1.3d Input encoding file
\inpenc@prehook=\toks17
\inpenc@posthook=\toks18
) (/Users/a46791130/Library/TinyTeX/texmf-dist/tex/latex/amsmath/amsmath.sty
Package: amsmath 2024/11/05 v2.17t AMS math features
\@mathmargin=\skip51

For additional information on amsmath, use the `?' option.
(/Users/a46791130/Library/TinyTeX/texmf-dist/tex/latex/amsmath/amstext.sty
Package: amstext 2021/08/26 v2.01 AMS text
 (/Users/a46791130/Library/TinyTeX/texmf-dist/tex/latex/amsmath/amsgen.sty
File: amsgen.sty 1999/11/30 v2.0 generic functions
\@emptytoks=\toks19
\ex@=\dimen142
)) (/Users/a46791130/Library/TinyTeX/texmf-dist/tex/latex/amsmath/amsbsy.sty
Package: amsbsy 1999/11/29 v1.2d Bold Symbols
\pmbraise@=\dimen143
) (/Users/a46791130/Library/TinyTeX/texmf-dist/tex/latex/amsmath/amsopn.sty
Package: amsopn 2022/04/08 v2.04 operator names
)
\inf@bad=\count270
LaTeX Info: Redefining \frac on input line 233.
\uproot@=\count271
\leftroot@=\count272
LaTeX Info: Redefining \overline on input line 398.
LaTeX Info: Redefining \colon on input line 409.
\classnum@=\count273
\DOTSCASE@=\count274
LaTeX Info: Redefining \ldots on input line 495.
LaTeX Info: Redefining \dots on input line 498.
LaTeX Info: Redefining \cdots on input line 619.
\Mathstrutbox@=\box52
\strutbox@=\box53
LaTeX Info: Redefining \big on input line 721.
LaTeX Info: Redefining \Big on input line 722.
LaTeX Info: Redefining \bigg on input line 723.
LaTeX Info: Redefining \Bigg on input line 724.
\big@size=\dimen144
LaTeX Font Info:    Redeclaring font encoding OML on input line 742.
LaTeX Font Info:    Redeclaring font encoding OMS on input line 743.
\macc@depth=\count275
LaTeX Info: Redefining \bmod on input line 904.
LaTeX Info: Redefining \pmod on input line 909.
LaTeX Info: Redefining \smash on input line 939.
LaTeX Info: Redefining \relbar on input line 969.
LaTeX Info: Redefining \Relbar on input line 970.
\c@MaxMatrixCols=\count276
\dotsspace@=\muskip17
\c@parentequation=\count277
\dspbrk@lvl=\count278
\tag@help=\toks20
\row@=\count279
\column@=\count280
\maxfields@=\count281
\andhelp@=\toks21
\eqnshift@=\dimen145
\alignsep@=\dimen146
\tagshift@=\dimen147
\tagwidth@=\dimen148
\totwidth@=\dimen149
\lineht@=\dimen150
\@envbody=\toks22
\multlinegap=\skip52
\multlinetaggap=\skip53
\mathdisplay@stack=\toks23
LaTeX Info: Redefining \[ on input line 2953.
LaTeX Info: Redefining \] on input line 2954.
) (/Users/a46791130/Library/TinyTeX/texmf-dist/tex/latex/amsfonts/amsfonts.sty
Package: amsfonts 2013/01/14 v3.01 Basic AMSFonts support
\symAMSa=\mathgroup4
\symAMSb=\mathgroup5
LaTeX Font Info:    Redeclaring math symbol \hbar on input line 98.
LaTeX Font Info:    Overwriting math alphabet `\mathfrak' in version `bold'
(Font)                  U/euf/m/n --> U/euf/b/n on input line 106.
) (/Users/a46791130/Library/TinyTeX/texmf-dist/tex/latex/amsfonts/amssymb.sty
Package: amssymb 2013/01/14 v3.01 AMS font symbols
) (/Users/a46791130/Library/TinyTeX/texmf-dist/tex/latex/graphics/graphicx.sty
Package: graphicx 2021/09/16 v1.2d Enhanced LaTeX Graphics (DPC,SPQR)
 (/Users/a46791130/Library/TinyTeX/texmf-dist/tex/latex/graphics/keyval.sty
Package: keyval 2022/05/29 v1.15 key=value parser (DPC)
\KV@toks@=\toks24
) (/Users/a46791130/Library/TinyTeX/texmf-dist/tex/latex/graphics/graphics.sty
Package: graphics 2024/08/06 v1.4g Standard LaTeX Graphics (DPC,SPQR)
 (/Users/a46791130/Library/TinyTeX/texmf-dist/tex/latex/graphics/trig.sty
Package: trig 2023/12/02 v1.11 sin cos tan (DPC)
) (/Users/a46791130/Library/TinyTeX/texmf-dist/tex/latex/graphics-cfg/graphics.cfg
File: graphics.cfg 2016/06/04 v1.11 sample graphics configuration
)
Package graphics Info: Driver file: pdftex.def on input line 106.
 (/Users/a46791130/Library/TinyTeX/texmf-dist/tex/latex/graphics-def/pdftex.def
File: pdftex.def 2024/04/13 v1.2c Graphics/color driver for pdftex
))
\Gin@req@height=\dimen151
\Gin@req@width=\dimen152
) (/Users/a46791130/Library/TinyTeX/texmf-dist/tex/latex/geometry/geometry.sty
Package: geometry 2020/01/02 v5.9 Page Geometry
 (/Users/a46791130/Library/TinyTeX/texmf-dist/tex/generic/iftex/ifvtex.sty
Package: ifvtex 2019/10/25 v1.7 ifvtex legacy package. Use iftex instead.
 (/Users/a46791130/Library/TinyTeX/texmf-dist/tex/generic/iftex/iftex.sty
Package: iftex 2022/02/03 v1.0f TeX engine tests
))
\Gm@cnth=\count282
\Gm@cntv=\count283
\c@Gm@tempcnt=\count284
\Gm@bindingoffset=\dimen153
\Gm@wd@mp=\dimen154
\Gm@odd@mp=\dimen155
\Gm@even@mp=\dimen156
\Gm@layoutwidth=\dimen157
\Gm@layoutheight=\dimen158
\Gm@layouthoffset=\dimen159
\Gm@layoutvoffset=\dimen160
\Gm@dimlist=\toks25
) (/Users/a46791130/Library/TinyTeX/texmf-dist/tex/latex/l3backend/l3backend-pdftex.def
File: l3backend-pdftex.def 2024-05-08 L3 backend support: PDF output (pdfTeX)
\l__color_backend_stack_int=\count285
\l__pdf_internal_box=\box54
)
No file Internet_Log2_Analysis_Report.aux.
\openout1 = `Internet_Log2_Analysis_Report.aux'.

LaTeX Font Info:    Checking defaults for OML/cmm/m/it on input line 15.
LaTeX Font Info:    ... okay on input line 15.
LaTeX Font Info:    Checking defaults for OMS/cmsy/m/n on input line 15.
LaTeX Font Info:    ... okay on input line 15.
LaTeX Font Info:    Checking defaults for OT1/cmr/m/n on input line 15.
LaTeX Font Info:    ... okay on input line 15.
LaTeX Font Info:    Checking defaults for T1/cmr/m/n on input line 15.
LaTeX Font Info:    ... okay on input line 15.
LaTeX Font Info:    Checking defaults for TS1/cmr/m/n on input line 15.
LaTeX Font Info:    ... okay on input line 15.
LaTeX Font Info:    Checking defaults for OMX/cmex/m/n on input line 15.
LaTeX Font Info:    ... okay on input line 15.
LaTeX Font Info:    Checking defaults for U/cmr/m/n on input line 15.
LaTeX Font Info:    ... okay on input line 15.
(/Users/a46791130/Library/TinyTeX/texmf-dist/tex/latex/epstopdf-pkg/epstopdf-base.sty
Package: epstopdf-base 2020-01-24 v2.11 Base part for package epstopdf
Package epstopdf-base Info: Redefining graphics rule for `.eps' on input line 485.
 (/Users/a46791130/Library/TinyTeX/texmf-dist/tex/latex/latexconfig/epstopdf-sys.cfg
File: epstopdf-sys.cfg 2010/07/13 v1.3 Configuration of (r)epstopdf for TeX Live
))
*geometry* driver: auto-detecting
*geometry* detected driver: pdftex
*geometry* verbose mode - [ preamble ] result:
* driver: pdftex
* paper: a4paper
* layout: <same size as paper>
* layoutoffset:(h,v)=(0.0pt,0.0pt)
* modes: 
* h-part:(L,W,R)=(72.26999pt, 452.9679pt, 72.26999pt)
* v-part:(T,H,B)=(72.26999pt, 700.50687pt, 72.26999pt)
* \paperwidth=597.50787pt
* \paperheight=845.04684pt
* \textwidth=452.9679pt
* \textheight=700.50687pt
* \oddsidemargin=0.0pt
* \evensidemargin=0.0pt
* \topmargin=-37.0pt
* \headheight=12.0pt
* \headsep=25.0pt
* \topskip=12.0pt
* \footskip=30.0pt
* \marginparwidth=35.0pt
* \marginparsep=10.0pt
* \columnsep=10.0pt
* \skip\footins=10.8pt plus 4.0pt minus 2.0pt
* \hoffset=0.0pt
* \voffset=0.0pt
* \mag=1000
* \@twocolumnfalse
* \@twosidefalse
* \@mparswitchfalse
* \@reversemarginfalse
* (1in=72.27pt=25.4mm, 1cm=28.453pt)

LaTeX Font Info:    Trying to load font information for U+msa on input line 17.
(/Users/a46791130/Library/TinyTeX/texmf-dist/tex/latex/amsfonts/umsa.fd
File: umsa.fd 2013/01/14 v3.01 AMS symbols A
)
LaTeX Font Info:    Trying to load font information for U+msb on input line 17.
 (/Users/a46791130/Library/TinyTeX/texmf-dist/tex/latex/amsfonts/umsb.fd
File: umsb.fd 2013/01/14 v3.01 AMS symbols B
)
No file Internet_Log2_Analysis_Report.toc.
\tf@toc=\write3
\openout3 = `Internet_Log2_Analysis_Report.toc'.



[1

{/Users/a46791130/Library/TinyTeX/texmf-var/fonts/map/pdftex/updmap/pdftex.map}]

[2]

[3]

/Users/a46791130/Documents/SMU/SMU_MSDS/Kaggle/Python_internet_log2/report/Internet_Log2_Analysis_Report.tex:103: LaTeX Error: Unknown float option `H'.

See the LaTeX manual or LaTeX Companion for explanation.
Type  H <return>  for immediate help.
 ...                                              
                                                  
l.103 \begin{table}[H]
                      
Option `H' ignored and `p' used.

/Users/a46791130/Documents/SMU/SMU_MSDS/Kaggle/Python_internet_log2/report/Internet_Log2_Analysis_Report.tex:106: Undefined control sequence.
l.106 \toprule
              
The control sequence at the end of the top line
of your error message was never \def'ed. If you have
misspelled it (e.g., `\hobx'), type `I' and the correct
spelling (e.g., `I\hbox'). Otherwise just continue,
and I'll forget about whatever was undefined.

/Users/a46791130/Documents/SMU/SMU_MSDS/Kaggle/Python_internet_log2/report/Internet_Log2_Analysis_Report.tex:108: Undefined control sequence.
<recently read> \midrule 
                         
l.108 \midrule
              
The control sequence at the end of the top line
of your error message was never \def'ed. If you have
misspelled it (e.g., `\hobx'), type `I' and the correct
spelling (e.g., `I\hbox'). Otherwise just continue,
and I'll forget about whatever was undefined.

/Users/a46791130/Documents/SMU/SMU_MSDS/Kaggle/Python_internet_log2/report/Internet_Log2_Analysis_Report.tex:113: Undefined control sequence.
<recently read> \bottomrule 
                            
l.113 \bottomrule
                 
The control sequence at the end of the top line
of your error message was never \def'ed. If you have
misspelled it (e.g., `\hobx'), type `I' and the correct
spelling (e.g., `I\hbox'). Otherwise just continue,
and I'll forget about whatever was undefined.



[4]

/Users/a46791130/Documents/SMU/SMU_MSDS/Kaggle/Python_internet_log2/report/Internet_Log2_Analysis_Report.tex:186: LaTeX Error: Unicode character ∞ (U+221E)
               not set up for use with LaTeX.

See the LaTeX manual or LaTeX Companion for explanation.
Type  H <return>  for immediate help.
 ...                                              
                                                  
l.186 ...es, Bytes Sent, Bytes Received: VIF = ∞
                                                   (perfect multicollinearity)
You may provide a definition with
\DeclareUnicodeCharacter 


/Users/a46791130/Documents/SMU/SMU_MSDS/Kaggle/Python_internet_log2/report/Internet_Log2_Analysis_Report.tex:187: LaTeX Error: Unicode character ∞ (U+221E)
               not set up for use with LaTeX.

See the LaTeX manual or LaTeX Companion for explanation.
Type  H <return>  for immediate help.
 ...                                              
                                                  
l.187 ...ts, pkts\_sent, pkts\_received: VIF = ∞
                                                   (perfect multicollinearity)
You may provide a definition with
\DeclareUnicodeCharacter 



[5]

[6]

/Users/a46791130/Documents/SMU/SMU_MSDS/Kaggle/Python_internet_log2/report/Internet_Log2_Analysis_Report.tex:254: LaTeX Error: Unknown float option `H'.

See the LaTeX manual or LaTeX Companion for explanation.
Type  H <return>  for immediate help.
 ...                                              
                                                  
l.254 \begin{table}[H]
                      
Option `H' ignored and `p' used.

/Users/a46791130/Documents/SMU/SMU_MSDS/Kaggle/Python_internet_log2/report/Internet_Log2_Analysis_Report.tex:257: Undefined control sequence.
l.257 \toprule
              
The control sequence at the end of the top line
of your error message was never \def'ed. If you have
misspelled it (e.g., `\hobx'), type `I' and the correct
spelling (e.g., `I\hbox'). Otherwise just continue,
and I'll forget about whatever was undefined.

/Users/a46791130/Documents/SMU/SMU_MSDS/Kaggle/Python_internet_log2/report/Internet_Log2_Analysis_Report.tex:259: Undefined control sequence.
<recently read> \midrule 
                         
l.259 \midrule
              
The control sequence at the end of the top line
of your error message was never \def'ed. If you have
misspelled it (e.g., `\hobx'), type `I' and the correct
spelling (e.g., `I\hbox'). Otherwise just continue,
and I'll forget about whatever was undefined.

/Users/a46791130/Documents/SMU/SMU_MSDS/Kaggle/Python_internet_log2/report/Internet_Log2_Analysis_Report.tex:267: Undefined control sequence.
<recently read> \bottomrule 
                            
l.267 \bottomrule
                 
The control sequence at the end of the top line
of your error message was never \def'ed. If you have
misspelled it (e.g., `\hobx'), type `I' and the correct
spelling (e.g., `I\hbox'). Otherwise just continue,
and I'll forget about whatever was undefined.



[7]

/Users/a46791130/Documents/SMU/SMU_MSDS/Kaggle/Python_internet_log2/report/Internet_Log2_Analysis_Report.tex:312: LaTeX Error: Unknown float option `H'.

See the LaTeX manual or LaTeX Companion for explanation.
Type  H <return>  for immediate help.
 ...                                              
                                                  
l.312 \begin{table}[H]
                      
Option `H' ignored and `p' used.

/Users/a46791130/Documents/SMU/SMU_MSDS/Kaggle/Python_internet_log2/report/Internet_Log2_Analysis_Report.tex:315: Undefined control sequence.
l.315 \toprule
              
The control sequence at the end of the top line
of your error message was never \def'ed. If you have
misspelled it (e.g., `\hobx'), type `I' and the correct
spelling (e.g., `I\hbox'). Otherwise just continue,
and I'll forget about whatever was undefined.

/Users/a46791130/Documents/SMU/SMU_MSDS/Kaggle/Python_internet_log2/report/Internet_Log2_Analysis_Report.tex:317: Undefined control sequence.
<recently read> \midrule 
                         
l.317 \midrule
              
The control sequence at the end of the top line
of your error message was never \def'ed. If you have
misspelled it (e.g., `\hobx'), type `I' and the correct
spelling (e.g., `I\hbox'). Otherwise just continue,
and I'll forget about whatever was undefined.

/Users/a46791130/Documents/SMU/SMU_MSDS/Kaggle/Python_internet_log2/report/Internet_Log2_Analysis_Report.tex:323: Undefined control sequence.
<recently read> \midrule 
                         
l.323 \midrule
              
The control sequence at the end of the top line
of your error message was never \def'ed. If you have
misspelled it (e.g., `\hobx'), type `I' and the correct
spelling (e.g., `I\hbox'). Otherwise just continue,
and I'll forget about whatever was undefined.

/Users/a46791130/Documents/SMU/SMU_MSDS/Kaggle/Python_internet_log2/report/Internet_Log2_Analysis_Report.tex:325: Undefined control sequence.
<recently read> \bottomrule 
                            
l.325 \bottomrule
                 
The control sequence at the end of the top line
of your error message was never \def'ed. If you have
misspelled it (e.g., `\hobx'), type `I' and the correct
spelling (e.g., `I\hbox'). Otherwise just continue,
and I'll forget about whatever was undefined.


/Users/a46791130/Documents/SMU/SMU_MSDS/Kaggle/Python_internet_log2/report/Internet_Log2_Analysis_Report.tex:337: LaTeX Error: Unknown float option `H'.

See the LaTeX manual or LaTeX Companion for explanation.
Type  H <return>  for immediate help.
 ...                                              
                                                  
l.337 \begin{table}[H]
                      
Option `H' ignored and `p' used.

/Users/a46791130/Documents/SMU/SMU_MSDS/Kaggle/Python_internet_log2/report/Internet_Log2_Analysis_Report.tex:340: Undefined control sequence.
l.340 \toprule
              
The control sequence at the end of the top line
of your error message was never \def'ed. If you have
misspelled it (e.g., `\hobx'), type `I' and the correct
spelling (e.g., `I\hbox'). Otherwise just continue,
and I'll forget about whatever was undefined.

/Users/a46791130/Documents/SMU/SMU_MSDS/Kaggle/Python_internet_log2/report/Internet_Log2_Analysis_Report.tex:342: Undefined control sequence.
<recently read> \midrule 
                         
l.342 \midrule
              
The control sequence at the end of the top line
of your error message was never \def'ed. If you have
misspelled it (e.g., `\hobx'), type `I' and the correct
spelling (e.g., `I\hbox'). Otherwise just continue,
and I'll forget about whatever was undefined.

/Users/a46791130/Documents/SMU/SMU_MSDS/Kaggle/Python_internet_log2/report/Internet_Log2_Analysis_Report.tex:347: Undefined control sequence.
<recently read> \midrule 
                         
l.347 \midrule
              
The control sequence at the end of the top line
of your error message was never \def'ed. If you have
misspelled it (e.g., `\hobx'), type `I' and the correct
spelling (e.g., `I\hbox'). Otherwise just continue,
and I'll forget about whatever was undefined.

/Users/a46791130/Documents/SMU/SMU_MSDS/Kaggle/Python_internet_log2/report/Internet_Log2_Analysis_Report.tex:349: Undefined control sequence.
<recently read> \bottomrule 
                            
l.349 \bottomrule
                 
The control sequence at the end of the top line
of your error message was never \def'ed. If you have
misspelled it (e.g., `\hobx'), type `I' and the correct
spelling (e.g., `I\hbox'). Otherwise just continue,
and I'll forget about whatever was undefined.


/Users/a46791130/Documents/SMU/SMU_MSDS/Kaggle/Python_internet_log2/report/Internet_Log2_Analysis_Report.tex:355: LaTeX Error: Unknown float option `H'.

See the LaTeX manual or LaTeX Companion for explanation.
Type  H <return>  for immediate help.
 ...                                              
                                                  
l.355 \begin{table}[H]
                      
Option `H' ignored and `p' used.

/Users/a46791130/Documents/SMU/SMU_MSDS/Kaggle/Python_internet_log2/report/Internet_Log2_Analysis_Report.tex:358: Undefined control sequence.
l.358 \toprule
              
The control sequence at the end of the top line
of your error message was never \def'ed. If you have
misspelled it (e.g., `\hobx'), type `I' and the correct
spelling (e.g., `I\hbox'). Otherwise just continue,
and I'll forget about whatever was undefined.

/Users/a46791130/Documents/SMU/SMU_MSDS/Kaggle/Python_internet_log2/report/Internet_Log2_Analysis_Report.tex:360: Undefined control sequence.
<recently read> \midrule 
                         
l.360 \midrule
              
The control sequence at the end of the top line
of your error message was never \def'ed. If you have
misspelled it (e.g., `\hobx'), type `I' and the correct
spelling (e.g., `I\hbox'). Otherwise just continue,
and I'll forget about whatever was undefined.

/Users/a46791130/Documents/SMU/SMU_MSDS/Kaggle/Python_internet_log2/report/Internet_Log2_Analysis_Report.tex:365: Undefined control sequence.
<recently read> \midrule 
                         
l.365 \midrule
              
The control sequence at the end of the top line
of your error message was never \def'ed. If you have
misspelled it (e.g., `\hobx'), type `I' and the correct
spelling (e.g., `I\hbox'). Otherwise just continue,
and I'll forget about whatever was undefined.

/Users/a46791130/Documents/SMU/SMU_MSDS/Kaggle/Python_internet_log2/report/Internet_Log2_Analysis_Report.tex:367: Undefined control sequence.
<recently read> \bottomrule 
                            
l.367 \bottomrule
                 
The control sequence at the end of the top line
of your error message was never \def'ed. If you have
misspelled it (e.g., `\hobx'), type `I' and the correct
spelling (e.g., `I\hbox'). Otherwise just continue,
and I'll forget about whatever was undefined.


Overfull \hbox (10.05449pt too wide) in paragraph at lines 380--381
[]\OT1/cmr/bx/n/12 Minimal Per-for-mance Dif-fer-ence\OT1/cmr/m/n/12 : SGD matches SVM per-for-mance with marginal
 []


/Users/a46791130/Documents/SMU/SMU_MSDS/Kaggle/Python_internet_log2/report/Internet_Log2_Analysis_Report.tex:389: LaTeX Error: Unicode character ≈ (U+2248)
               not set up for use with LaTeX.

See the LaTeX manual or LaTeX Companion for explanation.
Type  H <return>  for immediate help.
 ...                                              
                                                  
l.389     \item Allow: AUC ≈
                               1.00
You may provide a definition with
\DeclareUnicodeCharacter 


/Users/a46791130/Documents/SMU/SMU_MSDS/Kaggle/Python_internet_log2/report/Internet_Log2_Analysis_Report.tex:390: LaTeX Error: Unicode character ≈ (U+2248)
               not set up for use with LaTeX.

See the LaTeX manual or LaTeX Companion for explanation.
Type  H <return>  for immediate help.
 ...                                              
                                                  
l.390     \item Deny: AUC ≈
                              1.00
You may provide a definition with
\DeclareUnicodeCharacter 


/Users/a46791130/Documents/SMU/SMU_MSDS/Kaggle/Python_internet_log2/report/Internet_Log2_Analysis_Report.tex:391: LaTeX Error: Unicode character ≈ (U+2248)
               not set up for use with LaTeX.

See the LaTeX manual or LaTeX Companion for explanation.
Type  H <return>  for immediate help.
 ...                                              
                                                  
l.391     \item Drop: AUC ≈
                              1.00
You may provide a definition with
\DeclareUnicodeCharacter 


/Users/a46791130/Documents/SMU/SMU_MSDS/Kaggle/Python_internet_log2/report/Internet_Log2_Analysis_Report.tex:392: LaTeX Error: Unicode character ≈ (U+2248)
               not set up for use with LaTeX.

See the LaTeX manual or LaTeX Companion for explanation.
Type  H <return>  for immediate help.
 ...                                              
                                                  
l.392     \item Reset-both: AUC ≈
                                    0.50 (random performance due to sample s...
You may provide a definition with
\DeclareUnicodeCharacter 



[8]

[9]

/Users/a46791130/Documents/SMU/SMU_MSDS/Kaggle/Python_internet_log2/report/Internet_Log2_Analysis_Report.tex:397: LaTeX Error: Unicode character ≈ (U+2248)
               not set up for use with LaTeX.

See the LaTeX manual or LaTeX Companion for explanation.
Type  H <return>  for immediate help.
 ...                                              
                                                  
l.397     \item Allow: AUC ≈
                               1.00
You may provide a definition with
\DeclareUnicodeCharacter 


/Users/a46791130/Documents/SMU/SMU_MSDS/Kaggle/Python_internet_log2/report/Internet_Log2_Analysis_Report.tex:398: LaTeX Error: Unicode character ≈ (U+2248)
               not set up for use with LaTeX.

See the LaTeX manual or LaTeX Companion for explanation.
Type  H <return>  for immediate help.
 ...                                              
                                                  
l.398     \item Deny: AUC ≈
                              1.00
You may provide a definition with
\DeclareUnicodeCharacter 


/Users/a46791130/Documents/SMU/SMU_MSDS/Kaggle/Python_internet_log2/report/Internet_Log2_Analysis_Report.tex:399: LaTeX Error: Unicode character ≈ (U+2248)
               not set up for use with LaTeX.

See the LaTeX manual or LaTeX Companion for explanation.
Type  H <return>  for immediate help.
 ...                                              
                                                  
l.399     \item Drop: AUC ≈
                              1.00
You may provide a definition with
\DeclareUnicodeCharacter 


/Users/a46791130/Documents/SMU/SMU_MSDS/Kaggle/Python_internet_log2/report/Internet_Log2_Analysis_Report.tex:400: LaTeX Error: Unicode character ≈ (U+2248)
               not set up for use with LaTeX.

See the LaTeX manual or LaTeX Companion for explanation.
Type  H <return>  for immediate help.
 ...                                              
                                                  
l.400     \item Reset-both: AUC ≈
                                    0.50 (random performance due to sample s...
You may provide a definition with
\DeclareUnicodeCharacter 


/Users/a46791130/Documents/SMU/SMU_MSDS/Kaggle/Python_internet_log2/report/Internet_Log2_Analysis_Report.tex:411: LaTeX Error: Unknown float option `H'.

See the LaTeX manual or LaTeX Companion for explanation.
Type  H <return>  for immediate help.
 ...                                              
                                                  
l.411 \begin{table}[H]
                      
Option `H' ignored and `p' used.

/Users/a46791130/Documents/SMU/SMU_MSDS/Kaggle/Python_internet_log2/report/Internet_Log2_Analysis_Report.tex:414: Undefined control sequence.
l.414 \toprule
              
The control sequence at the end of the top line
of your error message was never \def'ed. If you have
misspelled it (e.g., `\hobx'), type `I' and the correct
spelling (e.g., `I\hbox'). Otherwise just continue,
and I'll forget about whatever was undefined.

/Users/a46791130/Documents/SMU/SMU_MSDS/Kaggle/Python_internet_log2/report/Internet_Log2_Analysis_Report.tex:416: Undefined control sequence.
<recently read> \midrule 
                         
l.416 \midrule
              
The control sequence at the end of the top line
of your error message was never \def'ed. If you have
misspelled it (e.g., `\hobx'), type `I' and the correct
spelling (e.g., `I\hbox'). Otherwise just continue,
and I'll forget about whatever was undefined.

/Users/a46791130/Documents/SMU/SMU_MSDS/Kaggle/Python_internet_log2/report/Internet_Log2_Analysis_Report.tex:420: Undefined control sequence.
<recently read> \bottomrule 
                            
l.420 \bottomrule
                 
The control sequence at the end of the top line
of your error message was never \def'ed. If you have
misspelled it (e.g., `\hobx'), type `I' and the correct
spelling (e.g., `I\hbox'). Otherwise just continue,
and I'll forget about whatever was undefined.



[10]
Overfull \hbox (2.14703pt too wide) in paragraph at lines 471--472
[]\OT1/cmr/bx/n/12 Cross-Validation Sta-bil-ity\OT1/cmr/m/n/12 : Con-sis-tent per-for-mance across 5-fold cross-validation
 []



[11]
Overfull \hbox (1.12076pt too wide) in paragraph at lines 502--503
[]\OT1/cmr/bx/n/12 Interpretability Ad-van-tages\OT1/cmr/m/n/12 : Lin-ear mod-els pro-vide trans-par-ent de-ci-sion bound-
 []



[12]

[13]

[14]

[15] (./Internet_Log2_Analysis_Report.aux)
 ***********
LaTeX2e <2024-11-01> patch level 1
L3 programming layer <2024-11-02>
 ***********
 ) 
Here is how much of TeX's memory you used:
 2845 strings out of 475290
 42929 string characters out of 5767851
 439718 words of memory out of 5000000
 25716 multiletter control sequences out of 15000+600000
 567645 words of font info for 73 fonts, out of 8000000 for 9000
 14 hyphenation exceptions out of 8191
 57i,9n,65p,661b,240s stack positions out of 10000i,1000n,20000p,200000b,200000s
 </Users/a46791130/Library/TinyTeX/texmf-var/fonts/pk/ljfour/jknappen/ec/tcrm1200.600pk></Users/a46791130/Library/TinyTeX/texmf-dist/fonts/type1/public/amsfonts/cm/cmbx12.pfb></Users/a46791130/Library/TinyTeX/texmf-dist/fonts/type1/public/amsfonts/cm/cmr12.pfb></Users/a46791130/Library/TinyTeX/texmf-dist/fonts/type1/public/amsfonts/cm/cmtt12.pfb>
Output written on Internet_Log2_Analysis_Report.pdf (15 pages, 75541 bytes).
PDF statistics:
 76 PDF objects out of 1000 (max. 8388607)
 48 compressed objects within 1 object stream
 0 named destinations out of 1000 (max. 500000)
 1 words of extra memory for PDF output out of 10000 (max. 10000000)

