This is pdfTeX, Version 3.141592653-2.6-1.40.26 (TeX Live 2024) (preloaded format=pdflatex 2024.12.12)  28 MAY 2025 00:58
entering extended mode
 restricted \write18 enabled.
 file:line:error style messages enabled.
 %&-line parsing enabled.
**/Users/a46791130/Documents/SMU/SMU_MSDS/Kaggle/Python_Diabetic/report/main.tex
(/Users/a46791130/Documents/SMU/SMU_MSDS/Kaggle/Python_Diabetic/report/main.tex
LaTeX2e <2024-11-01> patch level 1
L3 programming layer <2024-11-02>
(/Users/a46791130/Library/TinyTeX/texmf-dist/tex/latex/base/report.cls
Document Class: report 2024/06/29 v1.4n Standard LaTeX document class
(/Users/a46791130/Library/TinyTeX/texmf-dist/tex/latex/base/size12.clo
File: size12.clo 2024/06/29 v1.4n Standard LaTeX file (size option)
)
\c@part=\count196
\c@chapter=\count197
\c@section=\count198
\c@subsection=\count199
\c@subsubsection=\count266
\c@paragraph=\count267
\c@subparagraph=\count268
\c@figure=\count269
\c@table=\count270
\abovecaptionskip=\skip49
\belowcaptionskip=\skip50
\bibindent=\dimen141
) (/Users/a46791130/Library/TinyTeX/texmf-dist/tex/latex/base/inputenc.sty
Package: inputenc 2024/02/08 v1.3d Input encoding file
\inpenc@prehook=\toks17
\inpenc@posthook=\toks18
) (/Users/a46791130/Library/TinyTeX/texmf-dist/tex/latex/base/fontenc.sty
Package: fontenc 2021/04/29 v2.0v Standard LaTeX package
) (/Users/a46791130/Library/TinyTeX/texmf-dist/tex/latex/amsmath/amsmath.sty
Package: amsmath 2024/11/05 v2.17t AMS math features
\@mathmargin=\skip51

For additional information on amsmath, use the `?' option.
(/Users/a46791130/Library/TinyTeX/texmf-dist/tex/latex/amsmath/amstext.sty
Package: amstext 2021/08/26 v2.01 AMS text
 (/Users/a46791130/Library/TinyTeX/texmf-dist/tex/latex/amsmath/amsgen.sty
File: amsgen.sty 1999/11/30 v2.0 generic functions
\@emptytoks=\toks19
\ex@=\dimen142
)) (/Users/a46791130/Library/TinyTeX/texmf-dist/tex/latex/amsmath/amsbsy.sty
Package: amsbsy 1999/11/29 v1.2d Bold Symbols
\pmbraise@=\dimen143
) (/Users/a46791130/Library/TinyTeX/texmf-dist/tex/latex/amsmath/amsopn.sty
Package: amsopn 2022/04/08 v2.04 operator names
)
\inf@bad=\count271
LaTeX Info: Redefining \frac on input line 233.
\uproot@=\count272
\leftroot@=\count273
LaTeX Info: Redefining \overline on input line 398.
LaTeX Info: Redefining \colon on input line 409.
\classnum@=\count274
\DOTSCASE@=\count275
LaTeX Info: Redefining \ldots on input line 495.
LaTeX Info: Redefining \dots on input line 498.
LaTeX Info: Redefining \cdots on input line 619.
\Mathstrutbox@=\box52
\strutbox@=\box53
LaTeX Info: Redefining \big on input line 721.
LaTeX Info: Redefining \Big on input line 722.
LaTeX Info: Redefining \bigg on input line 723.
LaTeX Info: Redefining \Bigg on input line 724.
\big@size=\dimen144
LaTeX Font Info:    Redeclaring font encoding OML on input line 742.
LaTeX Font Info:    Redeclaring font encoding OMS on input line 743.
\macc@depth=\count276
LaTeX Info: Redefining \bmod on input line 904.
LaTeX Info: Redefining \pmod on input line 909.
LaTeX Info: Redefining \smash on input line 939.
LaTeX Info: Redefining \relbar on input line 969.
LaTeX Info: Redefining \Relbar on input line 970.
\c@MaxMatrixCols=\count277
\dotsspace@=\muskip17
\c@parentequation=\count278
\dspbrk@lvl=\count279
\tag@help=\toks20
\row@=\count280
\column@=\count281
\maxfields@=\count282
\andhelp@=\toks21
\eqnshift@=\dimen145
\alignsep@=\dimen146
\tagshift@=\dimen147
\tagwidth@=\dimen148
\totwidth@=\dimen149
\lineht@=\dimen150
\@envbody=\toks22
\multlinegap=\skip52
\multlinetaggap=\skip53
\mathdisplay@stack=\toks23
LaTeX Info: Redefining \[ on input line 2953.
LaTeX Info: Redefining \] on input line 2954.
) (/Users/a46791130/Library/TinyTeX/texmf-dist/tex/latex/amsfonts/amsfonts.sty
Package: amsfonts 2013/01/14 v3.01 Basic AMSFonts support
\symAMSa=\mathgroup4
\symAMSb=\mathgroup5
LaTeX Font Info:    Redeclaring math symbol \hbar on input line 98.
LaTeX Font Info:    Overwriting math alphabet `\mathfrak' in version `bold'
(Font)                  U/euf/m/n --> U/euf/b/n on input line 106.
) (/Users/a46791130/Library/TinyTeX/texmf-dist/tex/latex/amsfonts/amssymb.sty
Package: amssymb 2013/01/14 v3.01 AMS font symbols
) (/Users/a46791130/Library/TinyTeX/texmf-dist/tex/latex/graphics/graphicx.sty
Package: graphicx 2021/09/16 v1.2d Enhanced LaTeX Graphics (DPC,SPQR)
 (/Users/a46791130/Library/TinyTeX/texmf-dist/tex/latex/graphics/keyval.sty
Package: keyval 2022/05/29 v1.15 key=value parser (DPC)
\KV@toks@=\toks24
) (/Users/a46791130/Library/TinyTeX/texmf-dist/tex/latex/graphics/graphics.sty
Package: graphics 2024/08/06 v1.4g Standard LaTeX Graphics (DPC,SPQR)
 (/Users/a46791130/Library/TinyTeX/texmf-dist/tex/latex/graphics/trig.sty
Package: trig 2023/12/02 v1.11 sin cos tan (DPC)
) (/Users/a46791130/Library/TinyTeX/texmf-dist/tex/latex/graphics-cfg/graphics.cfg
File: graphics.cfg 2016/06/04 v1.11 sample graphics configuration
)
Package graphics Info: Driver file: pdftex.def on input line 106.
 (/Users/a46791130/Library/TinyTeX/texmf-dist/tex/latex/graphics-def/pdftex.def
File: pdftex.def 2024/04/13 v1.2c Graphics/color driver for pdftex
))
\Gin@req@height=\dimen151
\Gin@req@width=\dimen152
) (/Users/a46791130/Library/TinyTeX/texmf-dist/tex/latex/booktabs/booktabs.sty
Package: booktabs 2020/01/12 v1.61803398 Publication quality tables
\heavyrulewidth=\dimen153
\lightrulewidth=\dimen154
\cmidrulewidth=\dimen155
\belowrulesep=\dimen156
\belowbottomsep=\dimen157
\aboverulesep=\dimen158
\abovetopsep=\dimen159
\cmidrulesep=\dimen160
\cmidrulekern=\dimen161
\defaultaddspace=\dimen162
\@cmidla=\count283
\@cmidlb=\count284
\@aboverulesep=\dimen163
\@belowrulesep=\dimen164
\@thisruleclass=\count285
\@lastruleclass=\count286
\@thisrulewidth=\dimen165
) (/Users/a46791130/Library/TinyTeX/texmf-dist/tex/latex/caption/caption.sty
Package: caption 2023/08/05 v3.6o Customizing captions (AR)
 (/Users/a46791130/Library/TinyTeX/texmf-dist/tex/latex/caption/caption3.sty
Package: caption3 2023/07/31 v2.4d caption3 kernel (AR)
\caption@tempdima=\dimen166
\captionmargin=\dimen167
\caption@leftmargin=\dimen168
\caption@rightmargin=\dimen169
\caption@width=\dimen170
\caption@indent=\dimen171
\caption@parindent=\dimen172
\caption@hangindent=\dimen173
Package caption Info: Standard document class detected.
)
\c@caption@flags=\count287
\c@continuedfloat=\count288
) (/Users/a46791130/Library/TinyTeX/texmf-dist/tex/latex/caption/subcaption.sty
Package: subcaption 2023/07/28 v1.6b Sub-captions (AR)
Package caption Info: New subtype `subfigure' on input line 238.
\c@subfigure=\count289
Package caption Info: New subtype `subtable' on input line 238.
\c@subtable=\count290
) (/Users/a46791130/Library/TinyTeX/texmf-dist/tex/latex/hyperref/hyperref.sty
Package: hyperref 2024-11-05 v7.01l Hypertext links for LaTeX
 (/Users/a46791130/Library/TinyTeX/texmf-dist/tex/generic/iftex/iftex.sty
Package: iftex 2022/02/03 v1.0f TeX engine tests
) (/Users/a46791130/Library/TinyTeX/texmf-dist/tex/latex/kvsetkeys/kvsetkeys.sty
Package: kvsetkeys 2022-10-05 v1.19 Key value parser (HO)
) (/Users/a46791130/Library/TinyTeX/texmf-dist/tex/generic/kvdefinekeys/kvdefinekeys.sty
Package: kvdefinekeys 2019-12-19 v1.6 Define keys (HO)
) (/Users/a46791130/Library/TinyTeX/texmf-dist/tex/generic/pdfescape/pdfescape.sty
Package: pdfescape 2019/12/09 v1.15 Implements pdfTeX's escape features (HO)
 (/Users/a46791130/Library/TinyTeX/texmf-dist/tex/generic/ltxcmds/ltxcmds.sty
Package: ltxcmds 2023-12-04 v1.26 LaTeX kernel commands for general use (HO)
) (/Users/a46791130/Library/TinyTeX/texmf-dist/tex/generic/pdftexcmds/pdftexcmds.sty
Package: pdftexcmds 2020-06-27 v0.33 Utility functions of pdfTeX for LuaTeX (HO)
 (/Users/a46791130/Library/TinyTeX/texmf-dist/tex/generic/infwarerr/infwarerr.sty
Package: infwarerr 2019/12/03 v1.5 Providing info/warning/error messages (HO)
)
Package pdftexcmds Info: \pdf@primitive is available.
Package pdftexcmds Info: \pdf@ifprimitive is available.
Package pdftexcmds Info: \pdfdraftmode found.
)) (/Users/a46791130/Library/TinyTeX/texmf-dist/tex/latex/hycolor/hycolor.sty
Package: hycolor 2020-01-27 v1.10 Color options for hyperref/bookmark (HO)
) (/Users/a46791130/Library/TinyTeX/texmf-dist/tex/latex/hyperref/nameref.sty
Package: nameref 2023-11-26 v2.56 Cross-referencing by name of section
 (/Users/a46791130/Library/TinyTeX/texmf-dist/tex/latex/refcount/refcount.sty
Package: refcount 2019/12/15 v3.6 Data extraction from label references (HO)
) (/Users/a46791130/Library/TinyTeX/texmf-dist/tex/generic/gettitlestring/gettitlestring.sty
Package: gettitlestring 2019/12/15 v1.6 Cleanup title references (HO)
 (/Users/a46791130/Library/TinyTeX/texmf-dist/tex/latex/kvoptions/kvoptions.sty
Package: kvoptions 2022-06-15 v3.15 Key value format for package options (HO)
))
\c@section@level=\count291
) (/Users/a46791130/Library/TinyTeX/texmf-dist/tex/latex/etoolbox/etoolbox.sty
Package: etoolbox 2020/10/05 v2.5k e-TeX tools for LaTeX (JAW)
\etb@tempcnta=\count292
) (/Users/a46791130/Library/TinyTeX/texmf-dist/tex/generic/stringenc/stringenc.sty
Package: stringenc 2019/11/29 v1.12 Convert strings between diff. encodings (HO)
)
\@linkdim=\dimen174
\Hy@linkcounter=\count293
\Hy@pagecounter=\count294
 (/Users/a46791130/Library/TinyTeX/texmf-dist/tex/latex/hyperref/pd1enc.def
File: pd1enc.def 2024-11-05 v7.01l Hyperref: PDFDocEncoding definition (HO)
Now handling font encoding PD1 ...
... no UTF-8 mapping file for font encoding PD1
) (/Users/a46791130/Library/TinyTeX/texmf-dist/tex/generic/intcalc/intcalc.sty
Package: intcalc 2019/12/15 v1.3 Expandable calculations with integers (HO)
)
\Hy@SavedSpaceFactor=\count295
 (/Users/a46791130/Library/TinyTeX/texmf-dist/tex/latex/hyperref/puenc.def
File: puenc.def 2024-11-05 v7.01l Hyperref: PDF Unicode definition (HO)
Now handling font encoding PU ...
... no UTF-8 mapping file for font encoding PU
)
Package hyperref Info: Option `colorlinks' set `true' on input line 4040.
Package hyperref Info: Hyper figures OFF on input line 4157.
Package hyperref Info: Link nesting OFF on input line 4162.
Package hyperref Info: Hyper index ON on input line 4165.
Package hyperref Info: Plain pages OFF on input line 4172.
Package hyperref Info: Backreferencing OFF on input line 4177.
Package hyperref Info: Implicit mode ON; LaTeX internals redefined.
Package hyperref Info: Bookmarks ON on input line 4424.
\c@Hy@tempcnt=\count296
 (/Users/a46791130/Library/TinyTeX/texmf-dist/tex/latex/url/url.sty
\Urlmuskip=\muskip18
Package: url 2013/09/16  ver 3.4  Verb mode for urls, etc.
)
LaTeX Info: Redefining \url on input line 4763.
\XeTeXLinkMargin=\dimen175
 (/Users/a46791130/Library/TinyTeX/texmf-dist/tex/generic/bitset/bitset.sty
Package: bitset 2019/12/09 v1.3 Handle bit-vector datatype (HO)
 (/Users/a46791130/Library/TinyTeX/texmf-dist/tex/generic/bigintcalc/bigintcalc.sty
Package: bigintcalc 2019/12/15 v1.5 Expandable calculations on big integers (HO)
))
\Fld@menulength=\count297
\Field@Width=\dimen176
\Fld@charsize=\dimen177
Package hyperref Info: Hyper figures OFF on input line 6042.
Package hyperref Info: Link nesting OFF on input line 6047.
Package hyperref Info: Hyper index ON on input line 6050.
Package hyperref Info: backreferencing OFF on input line 6057.
Package hyperref Info: Link coloring ON on input line 6060.
Package hyperref Info: Link coloring with OCG OFF on input line 6067.
Package hyperref Info: PDF/A mode OFF on input line 6072.
 (/Users/a46791130/Library/TinyTeX/texmf-dist/tex/latex/base/atbegshi-ltx.sty
Package: atbegshi-ltx 2021/01/10 v1.0c Emulation of the original atbegshi
package with kernel methods
)
\Hy@abspage=\count298
\c@Item=\count299
\c@Hfootnote=\count300
)
Package hyperref Info: Driver (autodetected): hpdftex.
 (/Users/a46791130/Library/TinyTeX/texmf-dist/tex/latex/hyperref/hpdftex.def
File: hpdftex.def 2024-11-05 v7.01l Hyperref driver for pdfTeX
 (/Users/a46791130/Library/TinyTeX/texmf-dist/tex/latex/base/atveryend-ltx.sty
Package: atveryend-ltx 2020/08/19 v1.0a Emulation of the original atveryend package
with kernel methods
)
\Fld@listcount=\count301
\c@bookmark@seq@number=\count302
 (/Users/a46791130/Library/TinyTeX/texmf-dist/tex/latex/rerunfilecheck/rerunfilecheck.sty
Package: rerunfilecheck 2022-07-10 v1.10 Rerun checks for auxiliary files (HO)
 (/Users/a46791130/Library/TinyTeX/texmf-dist/tex/generic/uniquecounter/uniquecounter.sty
Package: uniquecounter 2019/12/15 v1.4 Provide unlimited unique counter (HO)
)
Package uniquecounter Info: New unique counter `rerunfilecheck' on input line 285.
)
\Hy@SectionHShift=\skip54
) (/Users/a46791130/Library/TinyTeX/texmf-dist/tex/latex/xcolor/xcolor.sty
Package: xcolor 2024/09/29 v3.02 LaTeX color extensions (UK)
 (/Users/a46791130/Library/TinyTeX/texmf-dist/tex/latex/graphics-cfg/color.cfg
File: color.cfg 2016/01/02 v1.6 sample color configuration
)
Package xcolor Info: Driver file: pdftex.def on input line 274.
 (/Users/a46791130/Library/TinyTeX/texmf-dist/tex/latex/graphics/mathcolor.ltx)
Package xcolor Info: Model `cmy' substituted by `cmy0' on input line 1349.
Package xcolor Info: Model `hsb' substituted by `rgb' on input line 1353.
Package xcolor Info: Model `RGB' extended on input line 1365.
Package xcolor Info: Model `HTML' substituted by `rgb' on input line 1367.
Package xcolor Info: Model `Hsb' substituted by `hsb' on input line 1368.
Package xcolor Info: Model `tHsb' substituted by `hsb' on input line 1369.
Package xcolor Info: Model `HSB' substituted by `hsb' on input line 1370.
Package xcolor Info: Model `Gray' substituted by `gray' on input line 1371.
Package xcolor Info: Model `wave' substituted by `hsb' on input line 1372.
) (/Users/a46791130/Library/TinyTeX/texmf-dist/tex/latex/geometry/geometry.sty
Package: geometry 2020/01/02 v5.9 Page Geometry
 (/Users/a46791130/Library/TinyTeX/texmf-dist/tex/generic/iftex/ifvtex.sty
Package: ifvtex 2019/10/25 v1.7 ifvtex legacy package. Use iftex instead.
)
\Gm@cnth=\count303
\Gm@cntv=\count304
\c@Gm@tempcnt=\count305
\Gm@bindingoffset=\dimen178
\Gm@wd@mp=\dimen179
\Gm@odd@mp=\dimen180
\Gm@even@mp=\dimen181
\Gm@layoutwidth=\dimen182
\Gm@layoutheight=\dimen183
\Gm@layouthoffset=\dimen184
\Gm@layoutvoffset=\dimen185
\Gm@dimlist=\toks25
) (/Users/a46791130/Library/TinyTeX/texmf-dist/tex/latex/l3backend/l3backend-pdftex.def
File: l3backend-pdftex.def 2024-05-08 L3 backend support: PDF output (pdfTeX)
\l__color_backend_stack_int=\count306
\l__pdf_internal_box=\box54
)
No file main.aux.
\openout1 = `main.aux'.

LaTeX Font Info:    Checking defaults for OML/cmm/m/it on input line 21.
LaTeX Font Info:    ... okay on input line 21.
LaTeX Font Info:    Checking defaults for OMS/cmsy/m/n on input line 21.
LaTeX Font Info:    ... okay on input line 21.
LaTeX Font Info:    Checking defaults for OT1/cmr/m/n on input line 21.
LaTeX Font Info:    ... okay on input line 21.
LaTeX Font Info:    Checking defaults for T1/cmr/m/n on input line 21.
LaTeX Font Info:    ... okay on input line 21.
LaTeX Font Info:    Checking defaults for TS1/cmr/m/n on input line 21.
LaTeX Font Info:    ... okay on input line 21.
LaTeX Font Info:    Checking defaults for OMX/cmex/m/n on input line 21.
LaTeX Font Info:    ... okay on input line 21.
LaTeX Font Info:    Checking defaults for U/cmr/m/n on input line 21.
LaTeX Font Info:    ... okay on input line 21.
LaTeX Font Info:    Checking defaults for PD1/pdf/m/n on input line 21.
LaTeX Font Info:    ... okay on input line 21.
LaTeX Font Info:    Checking defaults for PU/pdf/m/n on input line 21.
LaTeX Font Info:    ... okay on input line 21.
(/Users/a46791130/Library/TinyTeX/texmf-dist/tex/latex/epstopdf-pkg/epstopdf-base.sty
Package: epstopdf-base 2020-01-24 v2.11 Base part for package epstopdf
Package epstopdf-base Info: Redefining graphics rule for `.eps' on input line 485.
 (/Users/a46791130/Library/TinyTeX/texmf-dist/tex/latex/latexconfig/epstopdf-sys.cfg
File: epstopdf-sys.cfg 2010/07/13 v1.3 Configuration of (r)epstopdf for TeX Live
))
Package caption Info: Begin \AtBeginDocument code.
Package caption Info: hyperref package is loaded.
Package caption Info: End \AtBeginDocument code.
Package hyperref Info: Link coloring ON on input line 21.
\@outlinefile=\write3
\openout3 = `main.out'.


*geometry* driver: auto-detecting
*geometry* detected driver: pdftex
*geometry* verbose mode - [ preamble ] result:
* driver: pdftex
* paper: a4paper
* layout: <same size as paper>
* layoutoffset:(h,v)=(0.0pt,0.0pt)
* modes: 
* h-part:(L,W,R)=(72.26999pt, 452.9679pt, 72.26999pt)
* v-part:(T,H,B)=(72.26999pt, 700.50687pt, 72.26999pt)
* \paperwidth=597.50787pt
* \paperheight=845.04684pt
* \textwidth=452.9679pt
* \textheight=700.50687pt
* \oddsidemargin=0.0pt
* \evensidemargin=0.0pt
* \topmargin=-37.0pt
* \headheight=12.0pt
* \headsep=25.0pt
* \topskip=12.0pt
* \footskip=30.0pt
* \marginparwidth=35.0pt
* \marginparsep=10.0pt
* \columnsep=10.0pt
* \skip\footins=10.8pt plus 4.0pt minus 2.0pt
* \hoffset=0.0pt
* \voffset=0.0pt
* \mag=1000
* \@twocolumnfalse
* \@twosidefalse
* \@mparswitchfalse
* \@reversemarginfalse
* (1in=72.27pt=25.4mm, 1cm=28.453pt)

LaTeX Font Info:    Trying to load font information for U+msa on input line 24.
(/Users/a46791130/Library/TinyTeX/texmf-dist/tex/latex/amsfonts/umsa.fd
File: umsa.fd 2013/01/14 v3.01 AMS symbols A
)
LaTeX Font Info:    Trying to load font information for U+msb on input line 24.
 (/Users/a46791130/Library/TinyTeX/texmf-dist/tex/latex/amsfonts/umsb.fd
File: umsb.fd 2013/01/14 v3.01 AMS symbols B
)

[1

{/Users/a46791130/Library/TinyTeX/texmf-var/fonts/map/pdftex/updmap/pdftex.map}]
No file main.toc.
\tf@toc=\write4
\openout4 = `main.toc'.




pdfTeX warning (ext4): destination with the same identifier (name{page.1}) has been already used, duplicate ignored
<to be read again> 
                   \relax 
l.26 \chapter
             {Introduction} [1

]
Chapter 1.
(./chapters/introduction.tex
./chapters/introduction.tex:16: Missing $ inserted.
<inserted text> 
                $
l.16 ...ce, and discharge disposition ('admission_
                                                  type_id', 'discharge_dispo...
I've inserted a begin-math/end-math symbol since I think
you left one out. Proceed, with fingers crossed.


./chapters/introduction.tex:17: LaTeX Error: Command \item invalid in math mode.

See the LaTeX manual or LaTeX Companion for explanation.
Type  H <return>  for immediate help.
 ...                                              
                                                  
l.17     \item
               Primary, secondary, and tertiary diagnoses ('diag_1', 'diag_2...
Try typing  <return>  to proceed.
If that doesn't work, type  X <return>  to quit.

./chapters/introduction.tex:17: Missing $ inserted.
<inserted text> 
                $
l.17     \item P
                rimary, secondary, and tertiary diagnoses ('diag_1', 'diag_2...
I've inserted a begin-math/end-math symbol since I think
you left one out. Proceed, with fingers crossed.


Overfull \hbox (159.52776pt too wide) in paragraph at lines 16--17
[]\T1/cmr/m/n/12 Admission type, source, and dis-charge dis-po-si-tion ('admission$[]\OML/cmm/m/it/12 ype[]d[];[] discharge[]isposition[]d[];[] admission[]ource[]d[]\OT1/cmr/m/n/12 )
 []


Underfull \hbox (badness 10000) in paragraph at lines 16--17

 []

./chapters/introduction.tex:17: Missing $ inserted.
<inserted text> 
                $
l.17 ... secondary, and tertiary diagnoses ('diag_
                                                  1', 'diag_2', 'diag_3')
I've inserted a begin-math/end-math symbol since I think
you left one out. Proceed, with fingers crossed.


./chapters/introduction.tex:18: LaTeX Error: Command \item invalid in math mode.

See the LaTeX manual or LaTeX Companion for explanation.
Type  H <return>  for immediate help.
 ...                                              
                                                  
l.18     \item
               Laboratory tests ('A1Cresults', 'max_glu_serum')
Try typing  <return>  to proceed.
If that doesn't work, type  X <return>  to quit.

./chapters/introduction.tex:18: Missing $ inserted.
<inserted text> 
                $
l.18     \item L
                aboratory tests ('A1Cresults', 'max_glu_serum')
I've inserted a begin-math/end-math symbol since I think
you left one out. Proceed, with fingers crossed.

./chapters/introduction.tex:18: Missing $ inserted.
<inserted text> 
                $
l.18 ...item Laboratory tests ('A1Cresults', 'max_
                                                  glu_serum')
I've inserted a begin-math/end-math symbol since I think
you left one out. Proceed, with fingers crossed.


./chapters/introduction.tex:19: LaTeX Error: Command \item invalid in math mode.

See the LaTeX manual or LaTeX Companion for explanation.
Type  H <return>  for immediate help.
 ...                                              
                                                  
l.19     \item
               Medication changes during hospitalization ('num_medications')
Try typing  <return>  to proceed.
If that doesn't work, type  X <return>  to quit.

./chapters/introduction.tex:19: Missing $ inserted.
<inserted text> 
                $
l.19     \item M
                edication changes during hospitalization ('num_medications')
I've inserted a begin-math/end-math symbol since I think
you left one out. Proceed, with fingers crossed.

./chapters/introduction.tex:19: Missing $ inserted.
<inserted text> 
                $
l.19 ...tion changes during hospitalization ('num_
                                                  medications')
I've inserted a begin-math/end-math symbol since I think
you left one out. Proceed, with fingers crossed.


./chapters/introduction.tex:20: LaTeX Error: Command \item invalid in math mode.

See the LaTeX manual or LaTeX Companion for explanation.
Type  H <return>  for immediate help.
 ...                                              
                                                  
l.20     \item
               Diabetes medications (e.g., insulin, metformin, glyburide)
Try typing  <return>  to proceed.
If that doesn't work, type  X <return>  to quit.

./chapters/introduction.tex:20: Missing $ inserted.
<inserted text> 
                $
l.20     \item D
                iabetes medications (e.g., insulin, metformin, glyburide)
I've inserted a begin-math/end-math symbol since I think
you left one out. Proceed, with fingers crossed.

./chapters/introduction.tex:21: Missing $ inserted.
<inserted text> 
                $
l.21     \item Length of hospital stay ('time_
                                              in_hospital')
I've inserted a begin-math/end-math symbol since I think
you left one out. Proceed, with fingers crossed.


./chapters/introduction.tex:22: LaTeX Error: Command \item invalid in math mode.

See the LaTeX manual or LaTeX Companion for explanation.
Type  H <return>  for immediate help.
 ...                                              
                                                  
l.22     \item
               Number of previous outpatient, inpatient, and emergency visits
Try typing  <return>  to proceed.
If that doesn't work, type  X <return>  to quit.

./chapters/introduction.tex:22: Missing $ inserted.
<inserted text> 
                $
l.22     \item N
                umber of previous outpatient, inpatient, and emergency visits
I've inserted a begin-math/end-math symbol since I think
you left one out. Proceed, with fingers crossed.



[2

])

[3]
Chapter 2.
(./chapters/eda.tex
<../figures/readmission_distribution.png, id=41, 455.301pt x 339.669pt>
File: ../figures/readmission_distribution.png Graphic file (type png)
<use ../figures/readmission_distribution.png>
Package pdftex.def Info: ../figures/readmission_distribution.png  used on input line 10.
(pdftex.def)             Requested size: 317.07614pt x 236.55386pt.


[4

 <../figures/readmission_distribution.png>]
<../figures/missing_values_percentage.png, id=51, 859.2903pt x 426.393pt>
File: ../figures/missing_values_percentage.png Graphic file (type png)
<use ../figures/missing_values_percentage.png>
Package pdftex.def Info: ../figures/missing_values_percentage.png  used on input line 28.
(pdftex.def)             Requested size: 362.37569pt x 179.81253pt.

Overfull \hbox (24.9385pt too wide) in paragraph at lines 44--45
[]\T1/cmr/m/n/12 For "age", the miss-ing val-ues were im-puted with the me-dian of the vari-able. ("age_mid") 
 []



[5 <../figures/missing_values_percentage.png>]
Overfull \hbox (18.4206pt too wide) in paragraph at lines 60--61
[]\T1/cmr/m/n/12 Hospital fac-tors: ad-mis-sion_type_id, dis-charge_disposition_id, ad-mis-sion_source_id
 []

<../figures/cat1.png, id=59, 1073.9322pt x 338.9463pt>
File: ../figures/cat1.png Graphic file (type png)
<use ../figures/cat1.png>
Package pdftex.def Info: ../figures/cat1.png  used on input line 65.
(pdftex.def)             Requested size: 407.66833pt x 128.66646pt.
<../figures/cat2.png, id=60, 1076.1003pt x 478.4274pt>
File: ../figures/cat2.png Graphic file (type png)
<use ../figures/cat2.png>
Package pdftex.def Info: ../figures/cat2.png  used on input line 68.
(pdftex.def)             Requested size: 407.66833pt x 181.24217pt.
<../figures/cat3.png, id=61, 1076.823pt x 685.8423pt>
File: ../figures/cat3.png Graphic file (type png)
<use ../figures/cat3.png>
Package pdftex.def Info: ../figures/cat3.png  used on input line 71.
(pdftex.def)             Requested size: 407.66833pt x 259.64952pt.

LaTeX Warning: `h' float specifier changed to `ht'.

<../figures/cat4.png, id=62, 1076.1003pt x 339.669pt>
File: ../figures/cat4.png Graphic file (type png)
<use ../figures/cat4.png>
Package pdftex.def Info: ../figures/cat4.png  used on input line 77.
(pdftex.def)             Requested size: 407.66833pt x 128.67647pt.
<../figures/cat5.png, id=63, 1236.62pt x 396.48125pt>
File: ../figures/cat5.png Graphic file (type png)
<use ../figures/cat5.png>
Package pdftex.def Info: ../figures/cat5.png  used on input line 80.
(pdftex.def)             Requested size: 407.66833pt x 130.70612pt.
<../figures/cat6.png, id=64, 1074.6549pt x 408.3255pt>
File: ../figures/cat6.png Graphic file (type png)
<use ../figures/cat6.png>
Package pdftex.def Info: ../figures/cat6.png  used on input line 83.
(pdftex.def)             Requested size: 407.66833pt x 154.89738pt.

LaTeX Warning: `h' float specifier changed to `ht'.



[6]
<../figures/correlation_matrix.pdf, id=74, 629.56004pt x 570.61055pt>
File: ../figures/correlation_matrix.pdf Graphic file (type pdf)
<use ../figures/correlation_matrix.pdf>
Package pdftex.def Info: ../figures/correlation_matrix.pdf  used on input line 129.
(pdftex.def)             Requested size: 362.37569pt x 328.45549pt.


LaTeX Warning: `h' float specifier changed to `ht'.

<../figures/vif_barplot.pdf, id=75, 709.70074pt x 425.34068pt>
File: ../figures/vif_barplot.pdf Graphic file (type pdf)
<use ../figures/vif_barplot.pdf>
Package pdftex.def Info: ../figures/vif_barplot.pdf  used on input line 138.
(pdftex.def)             Requested size: 362.37569pt x 217.18048pt.

LaTeX Warning: `h' float specifier changed to `ht'.


Overfull \hbox (27.46191pt too wide) in paragraph at lines 149--150
[]\T1/cmr/m/n/12 Extreme right-skew for num-ber_outpatient, num-ber_emergency, and num-ber_inpatient,
 []

<../figures/numerical_distributions.pdf, id=76, 1076.48549pt x 1075.68881pt>
File: ../figures/numerical_distributions.pdf Graphic file (type pdf)
<use ../figures/numerical_distributions.pdf>
Package pdftex.def Info: ../figures/numerical_distributions.pdf  used on input line 154.
(pdftex.def)             Requested size: 407.66833pt x 407.37083pt.

LaTeX Warning: `h' float specifier changed to `ht'.

<../figures/numerical_boxplots.pdf, id=77, 1076.3632pt x 1075.76784pt>
File: ../figures/numerical_boxplots.pdf Graphic file (type pdf)
<use ../figures/numerical_boxplots.pdf>
Package pdftex.def Info: ../figures/numerical_boxplots.pdf  used on input line 172.
(pdftex.def)             Requested size: 407.66833pt x 407.4336pt.


[7]

LaTeX Warning: `h' float specifier changed to `ht'.

<../figures/feature_importance.pdf, id=85, 1293.26411pt x 714.41783pt>
File: ../figures/feature_importance.pdf Graphic file (type pdf)
<use ../figures/feature_importance.pdf>
Package pdftex.def Info: ../figures/feature_importance.pdf  used on input line 196.
(pdftex.def)             Requested size: 407.66833pt x 225.19542pt.

LaTeX Warning: `h' float specifier changed to `ht'.


Overfull \hbox (30.49847pt too wide) in paragraph at lines 205--206
[]\T1/cmr/m/n/12 Clinical fac-tors like num-ber_diagnoses, num-ber_inpatient vis-its, and num-ber_emergency
 []

)

[8]

[9 <../figures/cat1.png> <../figures/cat2.png> <../figures/cat3.png>]

[10 <../figures/cat4.png> <../figures/cat5.png> <../figures/cat6.png>]

[11 <../figures/correlation_matrix.pdf> <../figures/vif_barplot.pdf>]

[12 <../figures/numerical_distributions.pdf>]

[13 <../figures/numerical_boxplots.pdf> <../figures/feature_importance.pdf>]
Chapter 3.
(./chapters/modeling.tex
./chapters/modeling.tex:14: Extra alignment tab has been changed to \cr.
<recently read> \endtemplate 
                             
l.14 ...extbf{Size} & \textbf{NO} & \textbf{>30} &
                                                   \textbf{<30} \\
You have given more \span or & marks than there were
in the preamble to the \halign or \valign now in progress.
So I'll assume that you meant to type \cr instead.

./chapters/modeling.tex:16: Extra alignment tab has been changed to \cr.
<recently read> \endtemplate 
                             
l.16 ...,413 & 43,891 (53.9\%) & 28,436 (34.9\%) &
                                                   9,086 (11.2\%) \\
You have given more \span or & marks than there were
in the preamble to the \halign or \valign now in progress.
So I'll assume that you meant to type \cr instead.

./chapters/modeling.tex:17: Extra alignment tab has been changed to \cr.
<recently read> \endtemplate 
                             
l.17 ...0,353 & 10,973 (53.9\%) & 7,109 (34.9\%) &
                                                   2,271 (11.2\%) \\
You have given more \span or & marks than there were
in the preamble to the \halign or \valign now in progress.
So I'll assume that you meant to type \cr instead.



[14

]

[15]
<../figures/confusion_matrix.pdf, id=388, 542.15475pt x 425.3378pt>
File: ../figures/confusion_matrix.pdf Graphic file (type pdf)
<use ../figures/confusion_matrix.pdf>
Package pdftex.def Info: ../figures/confusion_matrix.pdf  used on input line 100.
(pdftex.def)             Requested size: 317.07614pt x 248.76645pt.


[16 <../figures/confusion_matrix.pdf>]
File: ../figures/feature_importance.pdf Graphic file (type pdf)
<use ../figures/feature_importance.pdf>
Package pdftex.def Info: ../figures/feature_importance.pdf  used on input line 117.
(pdftex.def)             Requested size: 407.66833pt x 225.19542pt.


[17])

[18]
Chapter 4.
(./chapters/conclusions.tex

[19

]

[20])

[21] (./main.aux)
 ***********
LaTeX2e <2024-11-01> patch level 1
L3 programming layer <2024-11-02>
 ***********


LaTeX Warning: Label(s) may have changed. Rerun to get cross-references right.


Package rerunfilecheck Warning: File `main.out' has changed.
(rerunfilecheck)                Rerun to get outlines right
(rerunfilecheck)                or use package `bookmark'.

Package rerunfilecheck Info: Checksums for `main.out':
(rerunfilecheck)             Before: <no file>
(rerunfilecheck)             After:  678D8A135586BE58BBC7297BBD10E47F;5977.
 ) 
Here is how much of TeX's memory you used:
 12297 strings out of 475290
 194945 string characters out of 5767851
 590872 words of memory out of 5000000
 34926 multiletter control sequences out of 15000+600000
 573374 words of font info for 76 fonts, out of 8000000 for 9000
 14 hyphenation exceptions out of 8191
 75i,7n,79p,653b,527s stack positions out of 10000i,1000n,20000p,200000b,200000s
 </Users/a46791130/Library/TinyTeX/texmf-var/fonts/pk/ljfour/jknappen/ec/ecbx1200.600pk> </Users/a46791130/Library/TinyTeX/texmf-var/fonts/pk/ljfour/jknappen/ec/ecbx1440.600pk> </Users/a46791130/Library/TinyTeX/texmf-var/fonts/pk/ljfour/jknappen/ec/tcrm1200.600pk> </Users/a46791130/Library/TinyTeX/texmf-var/fonts/pk/ljfour/jknappen/ec/ecbx1728.600pk> </Users/a46791130/Library/TinyTeX/texmf-var/fonts/pk/ljfour/jknappen/ec/ecrm1200.600pk> </Users/a46791130/Library/TinyTeX/texmf-var/fonts/pk/ljfour/jknappen/ec/ecbx2488.600pk> </Users/a46791130/Library/TinyTeX/texmf-var/fonts/pk/ljfour/jknappen/ec/ecrm1440.600pk> </Users/a46791130/Library/TinyTeX/texmf-var/fonts/pk/ljfour/jknappen/ec/ecbx2074.600pk></Users/a46791130/Library/TinyTeX/texmf-dist/fonts/type1/public/amsfonts/cm/cmmi12.pfb></Users/a46791130/Library/TinyTeX/texmf-dist/fonts/type1/public/amsfonts/cm/cmmi8.pfb></Users/a46791130/Library/TinyTeX/texmf-dist/fonts/type1/public/amsfonts/cm/cmr12.pfb></Users/a46791130/Library/TinyTeX/texmf-dist/fonts/type1/public/amsfonts/cm/cmr8.pfb></Users/a46791130/Library/TinyTeX/texmf-dist/fonts/type1/public/amsfonts/cm/cmsy8.pfb>
Output written on main.pdf (22 pages, 795549 bytes).
PDF statistics:
 850 PDF objects out of 1000 (max. 8388607)
 260 compressed objects within 3 object streams
 106 named destinations out of 1000 (max. 500000)
 71 words of extra memory for PDF output out of 10000 (max. 10000000)

